../Core/Src/main.c:82:5:main	8	static
../Core/Src/main.c:167:6:SystemClock_Config	96	static
../Core/Src/main.c:217:13:MX_I2C1_Init	8	static
../Core/Src/main.c:265:13:MX_USART2_UART_Init	8	static
../Core/Src/main.c:300:13:MX_GPIO_Init	16	static
../Core/Src/main.c:316:13:uart_print	16	static
../Core/Src/main.c:320:13:i2c_scan_bus	80	static
../Core/Src/main.c:348:6:StartI2CTask	16	static
../Core/Src/main.c:375:6:HAL_TIM_PeriodElapsedCallback	16	static
../Core/Src/main.c:393:6:Error_Handler	8	static,ignoring_inline_asm
